00:00 +0: loading /home/danny/github/bpm/test/integration/metronome_wav_test.dart                                                                                                                      00:01 +0: loading /home/danny/github/bpm/test/integration/metronome_wav_test.dart                                                                                                                      00:02 +0: loading /home/danny/github/bpm/test/integration/metronome_wav_test.dart                                                                                                                      00:03 +0: loading /home/danny/github/bpm/test/integration/metronome_wav_test.dart                                                                                                                      00:04 +0: loading /home/danny/github/bpm/test/integration/metronome_wav_test.dart                                                                                                                      00:05 +0: loading /home/danny/github/bpm/test/integration/metronome_wav_test.dart                                                                                                                      00:06 +0: loading /home/danny/github/bpm/test/integration/metronome_wav_test.dart                                                                                                                      00:07 +0: loading /home/danny/github/bpm/test/integration/metronome_wav_test.dart                                                                                                                      00:08 +0: loading /home/danny/github/bpm/test/integration/metronome_wav_test.dart                                                                                                                      00:09 +0: loading /home/danny/github/bpm/test/integration/metronome_wav_test.dart                                                                                                                      00:09 +0: WAV fixtures metronome_205.wav (205.0 BPM) SimpleOnset matches fixture                                                                                                                       00:09 +1: WAV fixtures metronome_205.wav (205.0 BPM) SimpleOnset matches fixture                                                                                                                       00:09 +1: WAV fixtures metronome_205.wav (205.0 BPM) Autocorrelation matches fixture                                                                                                                   00:09 +1 -1: WAV fixtures metronome_205.wav (205.0 BPM) Autocorrelation matches fixture [E]                                                                                                            
  Expected: a value less than <12.299999999999999>
    Actual: <38.33333333333334>
     Which: is not a value less than <12.299999999999999>
  Autocorrelation BPM off by 38.33333333333334 (allowed ±12.30)
  
  package:matcher                                 expect
  test/integration/metronome_wav_test.dart 42:13  main.<fn>.<fn>.<fn>
  
Autocorrelation reading for metronome_205.wav:
  Expected: 205.0
  BPM: 166.66666666666666
  Confidence: 0.49437924729814897
  Metadata: {lag: 29, evaluations: 19, coarseStride: 1, sampleRate: 100, analysisSeconds: 10.0, rawBpm: 206.89655172413794, clusterConsistency: 0.6499994155642261, clusterWeight: 3.065104898657838, clusterStd: 0.0000026973983046972182, clusterCount: 7, maxMultiplierDeviation: 1.0, clampedContributors: 0, rangeMultiplier: 0.7930246913580246, rangeClamped: false, sources: [best_lag, best_lag_times_2over3], rawClusterBpm: 206.89655172413794, histogramTotalScore: 0.0033904208946491684, histogramSuppressed: [200.0, 187.5, 176.47058823529412], candidateScores: {250.0: 0.0008897762844667605, 200.0: 0.000826004419513969, 272.72727272727275: 0.0005770571011159038, 214.28571428571428: 0.0005605624446656744, 300.0: 0.00018850153294868165, 166.66666666666669: 0.00014266684987420598, 187.5: 0.00009648329227530353, 230.76923076923077: 0.00005175868163118103, 333.33333333333337: 0.000045658170384297975, 176.47058823529412: 0.000011952117773190362}, suppressedBuckets: [200.0, 187.5, 176.47058823529412], histogramInterval: 0.24, histogramScoreMap: {250.0: 0.0008897762844667605, 200.0: 0.000826004419513969, 272.72727272727275: 0.0005770571011159038, 214.28571428571428: 0.0005605624446656744, 300.0: 0.00018850153294868165, 166.66666666666669: 0.00014266684987420598, 187.5: 0.00009648329227530353, 230.76923076923077: 0.00005175868163118103, 333.33333333333337: 0.000045658170384297975, 176.47058823529412: 0.000011952117773190362}, histogramPreferenceMultiplier: 1.2083333333333333, histogramPreferenceApplied: true, histogramSecondaryApplied: true, plpAnchorBpm: 206.68067932128906, harmonicAdjusted: 0.6666666666666666, lagPeaks: [{lag: 29, score: 0.030651048986578385}, {lag: 30, score: 0.02948064848917458}, {lag: 28, score: 0.02696726127461212}, {lag: 31, score: 0.02399652079735622}, {lag: 27, score: 0.019943241135898293}, {lag: 32, score: 0.016229287041230653}]}

To run this test again: /home/danny/flutter/bin/cache/dart-sdk/bin/dart test /home/danny/github/bpm/test/integration/metronome_wav_test.dart -p vm --plain-name 'WAV fixtures metronome_205.wav (205.0 BPM) Autocorrelation matches fixture'
00:09 +1 -1: WAV fixtures metronome_205.wav (205.0 BPM) FFT spectrum matches fixture                                                                                                                   00:09 +2 -1: WAV fixtures metronome_205.wav (205.0 BPM) FFT spectrum matches fixture                                                                                                                   00:09 +2 -1: WAV fixtures metronome_205.wav (205.0 BPM) Dynamic beat tracker matches fixture                                                                                                           00:09 +3 -1: WAV fixtures metronome_205.wav (205.0 BPM) Dynamic beat tracker matches fixture                                                                                                           00:09 +3 -1: WAV fixtures metronome_205.wav (205.0 BPM) Wavelet energy matches fixture                                                                                                                 00:09 +4 -1: WAV fixtures metronome_205.wav (205.0 BPM) Wavelet energy matches fixture                                                                                                                 00:09 +4 -1: WAV fixtures metronome_205.wav (205.0 BPM) Robust consensus aligns with fixture                                                                                                           00:09 +5 -1: WAV fixtures metronome_205.wav (205.0 BPM) Robust consensus aligns with fixture                                                                                                           00:09 +5 -1: WAV fixtures techno01_140.wav (140.0 BPM) SimpleOnset matches fixture                                                                                                                     00:09 +5 -2: WAV fixtures techno01_140.wav (140.0 BPM) SimpleOnset matches fixture [E]                                                                                                                 
  Expected: a value less than <8.4>
    Actual: <26.666666666666686>
     Which: is not a value less than <8.4>
  SimpleOnset BPM off by 26.666666666666686 (allowed ±8.40)
  
  package:matcher                                 expect
  test/integration/metronome_wav_test.dart 42:13  main.<fn>.<fn>.<fn>
  
SimpleOnset reading for techno01_140.wav:
  Expected: 140.0
  BPM: 166.66666666666669
  Confidence: 0.9730176257636669
  Metadata: {intervalVariance: 0.0001050000000000002, peakCount: 15, effectiveInterval: 0.36, medianInterval: 0.37, representativeInterval: 0.37, maxInterval: 0.37, candidateScores: {166.66666666666669: 5.137019919674443, 157.89473684210526: 0.07991359530000001, 187.5: 0.06197955839999999, 176.47058823529412: 0.033856396750000003, 107.14285714285714: 0.013991180000000002, 100.0: 0.006686195999999999, 120.0: 0.004381655625, 130.43478260869566: 0.0035202465999999996}, clusterConsistency: 0.9732219594650773, clusterStrength: 0.9617456563786819, totalScore: 5.341348748349443, baseBpm: 166.66666666666669, supporterCount: 36, rangeMultiplier: 1.0, rangeClamped: false, sources: [refined_interval], suppressedBuckets: [], medianAdjustment: false, rangeAdjustment: false}

To run this test again: /home/danny/flutter/bin/cache/dart-sdk/bin/dart test /home/danny/github/bpm/test/integration/metronome_wav_test.dart -p vm --plain-name 'WAV fixtures techno01_140.wav (140.0 BPM) SimpleOnset matches fixture'
00:09 +5 -2: WAV fixtures techno01_140.wav (140.0 BPM) Autocorrelation matches fixture                                                                                                                 00:09 +5 -3: WAV fixtures techno01_140.wav (140.0 BPM) Autocorrelation matches fixture [E]                                                                                                             
  Expected: a value less than <8.4>
    Actual: <37.10084915161133>
     Which: is not a value less than <8.4>
  Autocorrelation BPM off by 37.10084915161133 (allowed ±8.40)
  
  package:matcher                                 expect
  test/integration/metronome_wav_test.dart 42:13  main.<fn>.<fn>.<fn>
  
Autocorrelation reading for techno01_140.wav:
  Expected: 140.0
  BPM: 177.10084915161133
  Confidence: 0.5579204016919797
  Metadata: {lag: 42, evaluations: 33, coarseStride: 1, sampleRate: 100, analysisSeconds: 10.0, rawBpm: 142.85714285714286, clusterConsistency: 0.7666659773321641, clusterWeight: 7.965158256012102, clusterStd: 0.0000026973983046972182, clusterCount: 13, maxMultiplierDeviation: 0.6666666666666667, clampedContributors: 0, rangeMultiplier: 1.0371823450257147, rangeClamped: false, sources: [lag+lag_double+half_lag+plp_anchor, lag_two_thirds+lag_four_thirds+lag_five_fourths, best_lag, best_lag_times_3over2, best_lag_times_2over3], rawClusterBpm: 142.85714285714283, histogramTotalScore: 0.037397530836150855, histogramSuppressed: [103.44827586206897, 107.14285714285714, 100.0], candidateScores: {142.85714285714286: 0.008267676523779547, 136.36363636363637: 0.005319409468260368, 187.5: 0.0036408024399952723, 176.47058823529412: 0.003535500242577385, 111.1111111111111: 0.0027495034799416168, 150.0: 0.0025780899283085208, 166.66666666666669: 0.002386278858218551, 130.43478260869566: 0.0017794753561683858, 115.38461538461539: 0.0015174595237515136, 103.44827586206897: 0.0014099583238215692, 200.0: 0.0010895792415103402, 107.14285714285714: 0.0008389745940366252, 125.0: 0.0007080649647076584, 100.0: 0.0006906962280163719, 120.0: 0.0004497931594578716, 157.89473684210526: 0.00043626850359925194}, suppressedBuckets: [103.44827586206897, 107.14285714285714, 100.0], histogramInterval: 0.42, histogramScoreMap: {142.85714285714286: 0.008267676523779547, 136.36363636363637: 0.005319409468260368, 187.5: 0.0036408024399952723, 176.47058823529412: 0.003535500242577385, 111.1111111111111: 0.0027495034799416168, 150.0: 0.0025780899283085208, 166.66666666666669: 0.002386278858218551, 130.43478260869566: 0.0017794753561683858, 115.38461538461539: 0.0015174595237515136, 103.44827586206897: 0.0014099583238215692, 200.0: 0.0010895792415103402, 107.14285714285714: 0.0008389745940366252, 125.0: 0.0007080649647076584, 100.0: 0.0006906962280163719, 120.0: 0.0004497931594578716, 157.89473684210526: 0.00043626850359925194}, histogramPreferenceMultiplier: 1.2397059440612794, histogramPreferenceApplied: true, histogramSecondaryApplied: true, plpAnchorBpm: 141.68067932128906, lagPeaks: [{lag: 42, score: 0.08548013190762555}, {lag: 43, score: 0.08266952263167733}, {lag: 41, score: 0.07817700451344252}, {lag: 44, score: 0.07079601785339615}, {lag: 40, score: 0.06351448455157857}, {lag: 45, score: 0.05357302611497093}]}

To run this test again: /home/danny/flutter/bin/cache/dart-sdk/bin/dart test /home/danny/github/bpm/test/integration/metronome_wav_test.dart -p vm --plain-name 'WAV fixtures techno01_140.wav (140.0 BPM) Autocorrelation matches fixture'
00:09 +5 -3: WAV fixtures techno01_140.wav (140.0 BPM) FFT spectrum matches fixture                                                                                                                    00:09 +5 -4: WAV fixtures techno01_140.wav (140.0 BPM) FFT spectrum matches fixture [E]                                                                                                                
  Expected: a value less than <11.200000000000001>
    Actual: <28.75>
     Which: is not a value less than <11.200000000000001>
  FFT spectrum BPM off by 28.75 (allowed ±11.20)
  
  package:matcher                                 expect
  test/integration/metronome_wav_test.dart 42:13  main.<fn>.<fn>.<fn>
  
FFT spectrum reading for techno01_140.wav:
  Expected: 140.0
  BPM: 168.75
  Confidence: 1.0
  Metadata: {fftSize: 4096, sampleRate: 400, peakMagnitude: 140.4110682295195, avgMagnitude: 50.49176399976854, rawBestBpm: 140.625, clusterConsistency: 0.5, harmonicOverrideApplied: true, harmonicOverrideScore: 0.18, clusterWeight: 4.134333333333333, clusterStd: 0.0, clusterCount: 15, maxMultiplierDeviation: 2.0, clampedContributors: 0, rangeMultiplier: 0.9959015291999249, rangeClamped: false, sources: [peak, half, double, three-halves, two-thirds], rawClusterBpm: 140.625, fundamentalGuardApplied: false}

To run this test again: /home/danny/flutter/bin/cache/dart-sdk/bin/dart test /home/danny/github/bpm/test/integration/metronome_wav_test.dart -p vm --plain-name 'WAV fixtures techno01_140.wav (140.0 BPM) FFT spectrum matches fixture'
00:09 +5 -4: WAV fixtures techno01_140.wav (140.0 BPM) Dynamic beat tracker matches fixture                                                                                                            00:09 +6 -4: WAV fixtures techno01_140.wav (140.0 BPM) Dynamic beat tracker matches fixture                                                                                                            00:09 +6 -4: WAV fixtures techno01_140.wav (140.0 BPM) Wavelet energy matches fixture                                                                                                                  00:09 +7 -4: WAV fixtures techno01_140.wav (140.0 BPM) Wavelet energy matches fixture                                                                                                                  00:09 +7 -4: WAV fixtures techno01_140.wav (140.0 BPM) Robust consensus aligns with fixture                                                                                                            00:09 +7 -5: WAV fixtures techno01_140.wav (140.0 BPM) Robust consensus aligns with fixture [E]                                                                                                        
  Expected: a value less than <2.5>
    Actual: <28.409030460160977>
     Which: is not a value less than <2.5>
  Consensus BPM off by 28.409030460160977
  
  package:matcher                                 expect
  test/integration/metronome_wav_test.dart 79:11  main.<fn>.<fn>.<fn>
  

To run this test again: /home/danny/flutter/bin/cache/dart-sdk/bin/dart test /home/danny/github/bpm/test/integration/metronome_wav_test.dart -p vm --plain-name 'WAV fixtures techno01_140.wav (140.0 BPM) Robust consensus aligns with fixture'
00:09 +7 -5: WAV fixtures donna_126.wav (126.0 BPM) SimpleOnset matches fixture                                                                                                                        00:09 +8 -5: WAV fixtures donna_126.wav (126.0 BPM) SimpleOnset matches fixture                                                                                                                        00:09 +8 -5: WAV fixtures donna_126.wav (126.0 BPM) Autocorrelation matches fixture                                                                                                                    00:09 +8 -6: WAV fixtures donna_126.wav (126.0 BPM) Autocorrelation matches fixture [E]                                                                                                                
  Expected: a value less than <7.56>
    Actual: <31.25042724609375>
     Which: is not a value less than <7.56>
  Autocorrelation BPM off by 31.25042724609375 (allowed ±7.56)
  
  package:matcher                                 expect
  test/integration/metronome_wav_test.dart 42:13  main.<fn>.<fn>.<fn>
  
Autocorrelation reading for donna_126.wav:
  Expected: 126.0
  BPM: 157.25042724609375
  Confidence: 0.46531858513721147
  Metadata: {lag: 60, evaluations: 40, coarseStride: 1, sampleRate: 100, analysisSeconds: 10.0, rawBpm: 100.0, clusterConsistency: 0.7666666666666666, clusterWeight: 0.5964068499250468, clusterStd: 0.0, clusterCount: 9, maxMultiplierDeviation: 0.6666666666666667, clampedContributors: 0, rangeMultiplier: 0.8460275146376602, rangeClamped: false, sources: [lag_four_fifths+lag_three_fourths+lag_three_halves+lag+lag_double+half_lag, lag+lag_double+half_lag+lag_two_thirds+lag_four_thirds+lag_five_fourths, best_lag, best_lag_times_3over2], rawClusterBpm: 150.0, histogramTotalScore: 0.0038940870062556254, histogramSuppressed: [], candidateScores: {130.43478260869566: 0.0006315789269363507, 157.89473684210526: 0.0004942501699088008, 88.23529411764706: 0.00046819528254566706, 166.66666666666669: 0.00038841413007801884, 103.44827586206897: 0.0002815975679066811, 96.7741935483871: 0.0002753279422687334, 150.0: 0.00021786556942113844, 93.75: 0.0002151973470328458, 100.0: 0.00021169503125450755, 107.14285714285714: 0.0002105664926672777, 125.0: 0.00014595211986081314, 142.85714285714286: 0.00011127650784120542, 136.36363636363637: 0.00009089827033054668, 120.0: 0.00008609990872746894, 115.38461538461539: 0.00004124083583145128, 111.1111111111111: 0.000023930903644118127}, suppressedBuckets: [], histogramInterval: 0.68, histogramScoreMap: {130.43478260869566: 0.0006315789269363507, 157.89473684210526: 0.0004942501699088008, 88.23529411764706: 0.00046819528254566706, 166.66666666666669: 0.00038841413007801884, 103.44827586206897: 0.0002815975679066811, 96.7741935483871: 0.0002753279422687334, 150.0: 0.00021786556942113844, 93.75: 0.0002151973470328458, 100.0: 0.00021169503125450755, 107.14285714285714: 0.0002105664926672777, 125.0: 0.00014595211986081314, 142.85714285714286: 0.00011127650784120542, 136.36363636363637: 0.00009089827033054668, 120.0: 0.00008609990872746894, 115.38461538461539: 0.00004124083583145128, 111.1111111111111: 0.000023930903644118127}, histogramPreferenceMultiplier: 1.048336181640625, histogramPreferenceApplied: true, histogramSecondaryApplied: true, plpAnchorBpm: 131.04202270507812, lagPeaks: [{lag: 60, score: 0.01434421821524715}, {lag: 59, score: 0.014332622509801394}, {lag: 61, score: 0.014159859025201938}, {lag: 58, score: 0.014051633087196874}, {lag: 62, score: 0.013700790995467688}, {lag: 57, score: 0.01332725039913491}]}

To run this test again: /home/danny/flutter/bin/cache/dart-sdk/bin/dart test /home/danny/github/bpm/test/integration/metronome_wav_test.dart -p vm --plain-name 'WAV fixtures donna_126.wav (126.0 BPM) Autocorrelation matches fixture'
00:09 +8 -6: WAV fixtures donna_126.wav (126.0 BPM) FFT spectrum matches fixture                                                                                                                       00:09 +8 -7: WAV fixtures donna_126.wav (126.0 BPM) FFT spectrum matches fixture [E]                                                                                                                   
  Expected: a value less than <10.08>
    Actual: <28.6875>
     Which: is not a value less than <10.08>
  FFT spectrum BPM off by 28.6875 (allowed ±10.08)
  
  package:matcher                                 expect
  test/integration/metronome_wav_test.dart 42:13  main.<fn>.<fn>.<fn>
  
FFT spectrum reading for donna_126.wav:
  Expected: 126.0
  BPM: 154.6875
  Confidence: 1.0
  Metadata: {fftSize: 4096, sampleRate: 400, peakMagnitude: 27.19210811584329, avgMagnitude: 11.930678654319703, rawBestBpm: 128.90625, clusterConsistency: 0.5, harmonicOverrideApplied: true, harmonicOverrideScore: 0.18, clusterWeight: 4.2443333333333335, clusterStd: 0.0, clusterCount: 16, maxMultiplierDeviation: 2.0, clampedContributors: 0, rangeMultiplier: 1.0089662033037516, rangeClamped: false, sources: [peak, half, double, three-halves, two-thirds, peak_two_thirds], rawClusterBpm: 128.90625, fundamentalGuardApplied: false}

To run this test again: /home/danny/flutter/bin/cache/dart-sdk/bin/dart test /home/danny/github/bpm/test/integration/metronome_wav_test.dart -p vm --plain-name 'WAV fixtures donna_126.wav (126.0 BPM) FFT spectrum matches fixture'
00:09 +8 -7: WAV fixtures donna_126.wav (126.0 BPM) Dynamic beat tracker matches fixture                                                                                                               00:09 +9 -7: WAV fixtures donna_126.wav (126.0 BPM) Dynamic beat tracker matches fixture                                                                                                               00:09 +9 -7: WAV fixtures donna_126.wav (126.0 BPM) Wavelet energy matches fixture                                                                                                                     00:09 +10 -7: WAV fixtures donna_126.wav (126.0 BPM) Wavelet energy matches fixture                                                                                                                    00:09 +10 -7: WAV fixtures donna_126.wav (126.0 BPM) Robust consensus aligns with fixture                                                                                                              00:09 +10 -8: WAV fixtures donna_126.wav (126.0 BPM) Robust consensus aligns with fixture [E]                                                                                                          
  Expected: a value less than <2.5>
    Actual: <26.968848279644618>
     Which: is not a value less than <2.5>
  Consensus BPM off by 26.968848279644618
  
  package:matcher                                 expect
  test/integration/metronome_wav_test.dart 79:11  main.<fn>.<fn>.<fn>
  

To run this test again: /home/danny/flutter/bin/cache/dart-sdk/bin/dart test /home/danny/github/bpm/test/integration/metronome_wav_test.dart -p vm --plain-name 'WAV fixtures donna_126.wav (126.0 BPM) Robust consensus aligns with fixture'
00:09 +10 -8: WAV fixtures metronome_155.wav (155.0 BPM) SimpleOnset matches fixture                                                                                                                   00:09 +11 -8: WAV fixtures metronome_155.wav (155.0 BPM) SimpleOnset matches fixture                                                                                                                   00:09 +11 -8: WAV fixtures metronome_155.wav (155.0 BPM) Autocorrelation matches fixture                                                                                                               00:09 +11 -9: WAV fixtures metronome_155.wav (155.0 BPM) Autocorrelation matches fixture [E]                                                                                                           
  Expected: a value less than <9.299999999999999>
    Actual: <32.21008911132813>
     Which: is not a value less than <9.299999999999999>
  Autocorrelation BPM off by 32.21008911132813 (allowed ±9.30)
  
  package:matcher                                 expect
  test/integration/metronome_wav_test.dart 42:13  main.<fn>.<fn>.<fn>
  
Autocorrelation reading for metronome_155.wav:
  Expected: 155.0
  BPM: 187.21008911132813
  Confidence: 0.5741709818007203
  Metadata: {lag: 39, evaluations: 29, coarseStride: 1, sampleRate: 100, analysisSeconds: 10.0, rawBpm: 153.84615384615384, clusterConsistency: 0.7666666666666666, clusterWeight: 2.688062053398398, clusterStd: 0.0, clusterCount: 11, maxMultiplierDeviation: 0.6666666666666667, clampedContributors: 0, rangeMultiplier: 1.018192059813709, rangeClamped: false, sources: [lag_three_fourths+lag_three_halves+lag_two_thirds+lag_four_thirds+lag_five_fourths, lag_two_thirds+lag_four_thirds+lag_five_fourths, best_lag, best_lag_times_3over2, best_lag_times_2over3], rawClusterBpm: 153.8461538461539, histogramTotalScore: 0.004755578700329494, histogramSuppressed: [120.0, 115.38461538461539], candidateScores: {157.89473684210526: 0.0013736945431007093, 200.0: 0.0006900431923966404, 187.5: 0.0006135457828986597, 214.28571428571428: 0.0006059672922510101, 150.0: 0.0005852042542169505, 142.85714285714286: 0.0002183048193454151, 125.0: 0.00017520406735501375, 166.66666666666669: 0.0001323162057395732, 120.0: 0.00011139210668040987, 230.76923076923077: 0.00007285369924449828, 115.38461538461539: 0.00007205265168649242, 130.43478260869566: 0.000057257310551266165, 136.36363636363637: 0.000033691626461465405, 176.47058823529412: 0.000014051148401389484}, suppressedBuckets: [120.0, 115.38461538461539], histogramInterval: 0.38, histogramScoreMap: {157.89473684210526: 0.0013736945431007093, 200.0: 0.0006900431923966404, 187.5: 0.0006135457828986597, 214.28571428571428: 0.0006059672922510101, 150.0: 0.0005852042542169505, 142.85714285714286: 0.0002183048193454151, 125.0: 0.00017520406735501375, 166.66666666666669: 0.0001323162057395732, 120.0: 0.00011139210668040987, 230.76923076923077: 0.00007285369924449828, 115.38461538461539: 0.00007205265168649242, 130.43478260869566: 0.000057257310551266165, 136.36363636363637: 0.000033691626461465405, 176.47058823529412: 0.000014051148401389484}, histogramPreferenceMultiplier: 1.2168655792236325, histogramPreferenceApplied: true, histogramSecondaryApplied: true, plpAnchorBpm: 156.00840759277344, lagPeaks: [{lag: 39, score: 0.02897387913922639}, {lag: 38, score: 0.02810005868049794}, {lag: 40, score: 0.025702028047612246}, {lag: 37, score: 0.023538003357180242}, {lag: 41, score: 0.019607286283779033}, {lag: 36, score: 0.017019420617913724}]}

To run this test again: /home/danny/flutter/bin/cache/dart-sdk/bin/dart test /home/danny/github/bpm/test/integration/metronome_wav_test.dart -p vm --plain-name 'WAV fixtures metronome_155.wav (155.0 BPM) Autocorrelation matches fixture'
00:09 +11 -9: WAV fixtures metronome_155.wav (155.0 BPM) FFT spectrum matches fixture                                                                                                                  00:09 +11 -10: WAV fixtures metronome_155.wav (155.0 BPM) FFT spectrum matches fixture [E]                                                                                                             
  Expected: a value less than <12.4>
    Actual: <27.8125>
     Which: is not a value less than <12.4>
  FFT spectrum BPM off by 27.8125 (allowed ±12.40)
  
  package:matcher                                 expect
  test/integration/metronome_wav_test.dart 42:13  main.<fn>.<fn>.<fn>
  
FFT spectrum reading for metronome_155.wav:
  Expected: 155.0
  BPM: 182.8125
  Confidence: 1.0
  Metadata: {fftSize: 4096, sampleRate: 400, peakMagnitude: 77.6510919788933, avgMagnitude: 28.245372624246745, rawBestBpm: 152.34375, clusterConsistency: 0.5, harmonicOverrideApplied: true, harmonicOverrideScore: 0.18, clusterWeight: 4.299333333333333, clusterStd: 0.0, clusterCount: 17, maxMultiplierDeviation: 3.0, clampedContributors: 0, rangeMultiplier: 1.0693259936941129, rangeClamped: false, sources: [peak, half, double, three-halves, two-thirds], rawClusterBpm: 152.34375, fundamentalGuardApplied: false}

To run this test again: /home/danny/flutter/bin/cache/dart-sdk/bin/dart test /home/danny/github/bpm/test/integration/metronome_wav_test.dart -p vm --plain-name 'WAV fixtures metronome_155.wav (155.0 BPM) FFT spectrum matches fixture'
00:09 +11 -10: WAV fixtures metronome_155.wav (155.0 BPM) Dynamic beat tracker matches fixture                                                                                                         00:09 +12 -10: WAV fixtures metronome_155.wav (155.0 BPM) Dynamic beat tracker matches fixture                                                                                                         00:09 +12 -10: WAV fixtures metronome_155.wav (155.0 BPM) Wavelet energy matches fixture                                                                                                               00:09 +13 -10: WAV fixtures metronome_155.wav (155.0 BPM) Wavelet energy matches fixture                                                                                                               00:09 +13 -10: WAV fixtures metronome_155.wav (155.0 BPM) Robust consensus aligns with fixture                                                                                                         00:09 +13 -11: WAV fixtures metronome_155.wav (155.0 BPM) Robust consensus aligns with fixture [E]                                                                                                     
  Expected: a value less than <2.5>
    Actual: <30.637462479033303>
     Which: is not a value less than <2.5>
  Consensus BPM off by 30.637462479033303
  
  package:matcher                                 expect
  test/integration/metronome_wav_test.dart 79:11  main.<fn>.<fn>.<fn>
  

To run this test again: /home/danny/flutter/bin/cache/dart-sdk/bin/dart test /home/danny/github/bpm/test/integration/metronome_wav_test.dart -p vm --plain-name 'WAV fixtures metronome_155.wav (155.0 BPM) Robust consensus aligns with fixture'
00:09 +13 -11: WAV fixtures metronome_98.wav (98.0 BPM) SimpleOnset matches fixture                                                                                                                    00:09 +14 -11: WAV fixtures metronome_98.wav (98.0 BPM) SimpleOnset matches fixture                                                                                                                    00:09 +14 -11: WAV fixtures metronome_98.wav (98.0 BPM) Autocorrelation matches fixture                                                                                                                00:09 +14 -12: WAV fixtures metronome_98.wav (98.0 BPM) Autocorrelation matches fixture [E]                                                                                                            
  Expected: a value less than <5.88>
    Actual: <22.399160385131836>
     Which: is not a value less than <5.88>
  Autocorrelation BPM off by 22.399160385131836 (allowed ±5.88)
  
  package:matcher                                 expect
  test/integration/metronome_wav_test.dart 42:13  main.<fn>.<fn>.<fn>
  
Autocorrelation reading for metronome_98.wav:
  Expected: 98.0
  BPM: 120.39916038513184
  Confidence: 0.6343096157862278
  Metadata: {lag: 61, evaluations: 67, coarseStride: 1, sampleRate: 100, analysisSeconds: 10.0, rawBpm: 98.36065573770492, clusterConsistency: 0.7666666666666666, clusterWeight: 0.6285571616779211, clusterStd: 0.0, clusterCount: 4, maxMultiplierDeviation: 0.6666666666666667, clampedContributors: 0, rangeMultiplier: 0.8543729288815876, rangeClamped: false, sources: [best_lag, best_lag_times_3over2], rawClusterBpm: 98.36065573770492, histogramTotalScore: 0.0016906413916294434, histogramSuppressed: [73.17073170731707, 75.0, 65.21739130434783, 76.92307692307692, 66.66666666666667], candidateScores: {96.7741935483871: 0.0006878377788465159, 120.0: 0.0002797446645947618, 115.38461538461539: 0.00027637322528739123, 130.43478260869566: 0.0002634273369731972, 100.0: 0.00005892095317850058, 78.94736842105263: 0.00003288664944855532, 125.0: 0.000026785188645008667, 73.17073170731707: 0.000024943525225187898, 75.0: 0.000010690906764382758, 65.21739130434783: 0.000010596024487859628, 136.36363636363637: 0.0000079554300236354, 76.92307692307692: 0.000005925179684435196, 66.66666666666667: 0.0000045545284700118385}, suppressedBuckets: [73.17073170731707, 75.0, 65.21739130434783, 76.92307692307692, 66.66666666666667], histogramInterval: 0.62, histogramScoreMap: {96.7741935483871: 0.0006878377788465159, 120.0: 0.0002797446645947618, 115.38461538461539: 0.00027637322528739123, 130.43478260869566: 0.0002634273369731972, 100.0: 0.00005892095317850058, 78.94736842105263: 0.00003288664944855532, 125.0: 0.000026785188645008667, 73.17073170731707: 0.000024943525225187898, 75.0: 0.000010690906764382758, 65.21739130434783: 0.000010596024487859628, 136.36363636363637: 0.0000079554300236354, 76.92307692307692: 0.000005925179684435196, 66.66666666666667: 0.0000045545284700118385}, histogramPreferenceMultiplier: 1.2240581305821736, histogramPreferenceApplied: true, histogramSecondaryApplied: true, plpAnchorBpm: 96.31932830810547, lagPeaks: [{lag: 61, score: 0.011072645243885867}, {lag: 62, score: 0.010633881174267886}, {lag: 60, score: 0.010203770985775627}, {lag: 63, score: 0.009068086716903415}, {lag: 59, score: 0.008366677877600003}, {lag: 64, score: 0.006880745010912648}]}

To run this test again: /home/danny/flutter/bin/cache/dart-sdk/bin/dart test /home/danny/github/bpm/test/integration/metronome_wav_test.dart -p vm --plain-name 'WAV fixtures metronome_98.wav (98.0 BPM) Autocorrelation matches fixture'
00:09 +14 -12: WAV fixtures metronome_98.wav (98.0 BPM) FFT spectrum matches fixture                                                                                                                   00:09 +14 -13: WAV fixtures metronome_98.wav (98.0 BPM) FFT spectrum matches fixture [E]                                                                                                               
  Expected: a value less than <7.84>
    Actual: <34.8125>
     Which: is not a value less than <7.84>
  FFT spectrum BPM off by 34.8125 (allowed ±7.84)
  
  package:matcher                                 expect
  test/integration/metronome_wav_test.dart 42:13  main.<fn>.<fn>.<fn>
  
FFT spectrum reading for metronome_98.wav:
  Expected: 98.0
  BPM: 132.8125
  Confidence: 1.0
  Metadata: {fftSize: 4096, sampleRate: 400, peakMagnitude: 31.637065936633718, avgMagnitude: 13.05759936266623, rawBestBpm: 99.609375, clusterConsistency: 0.7666666666666666, harmonicOverrideApplied: true, harmonicOverrideScore: 0.18, clusterWeight: 3.7413333333333334, clusterStd: 0.0, clusterCount: 9, maxMultiplierDeviation: 0.6666666666666667, clampedContributors: 0, rangeMultiplier: 0.95871941078641, rangeClamped: false, sources: [peak, half, double, three-halves, two-thirds], rawClusterBpm: 99.609375, fundamentalGuardApplied: false}

To run this test again: /home/danny/flutter/bin/cache/dart-sdk/bin/dart test /home/danny/github/bpm/test/integration/metronome_wav_test.dart -p vm --plain-name 'WAV fixtures metronome_98.wav (98.0 BPM) FFT spectrum matches fixture'
00:09 +14 -13: WAV fixtures metronome_98.wav (98.0 BPM) Dynamic beat tracker matches fixture                                                                                                           00:09 +15 -13: WAV fixtures metronome_98.wav (98.0 BPM) Dynamic beat tracker matches fixture                                                                                                           00:09 +15 -13: WAV fixtures metronome_98.wav (98.0 BPM) Wavelet energy matches fixture                                                                                                                 00:09 +15 -14: WAV fixtures metronome_98.wav (98.0 BPM) Wavelet energy matches fixture [E]                                                                                                             
  Expected: a value less than <19.6>
    Actual: <19.764933811285914>
     Which: is not a value less than <19.6>
  Wavelet energy BPM off by 19.764933811285914 (allowed ±19.60)
  
  package:matcher                                 expect
  test/integration/metronome_wav_test.dart 42:13  main.<fn>.<fn>.<fn>
  
Wavelet energy reading for metronome_98.wav:
  Expected: 98.0
  BPM: 78.23506618871409
  Confidence: 0.4485003508987742
  Metadata: {lagSamples: 246, level: 0, refined: true, aggregationUsed: false, fallbackUsed: false, aggregateLag: 246, aggregateScore: 0.019470759785261586, rawResolvedBpm: 97.7938327358926, clusterConsistency: 0.8227118690069959, candidates: [{level: 0, scale: 2, lagSamples: 246, score: 0.02328219150873802, weightedScore: 0.01646299549671251}, {level: 1, scale: 4, lagSamples: 244, score: 0.013058710901116459, weightedScore: 0.006529355450558229}], finalScore: 0.048123679318453044, plpAnchorBpm: 96.31932830810547, baseResolvedBpm: 97.92702189417149, harmonicOverrideApplied: true, harmonicOverrideRatio: 0.7989119313080075, crossScaleAgreement: 1.0, crossScaleSupportCount: 2, crossScaleWinnerRatio: 1.0, crossScaleWinnerWeight: 0.02299235094727074, crossScaleWinnerCount: 2, clusterWeight: 4.272000000000001, clusterStd: 0.22105478215419502, clusterCount: 10, maxMultiplierDeviation: 0.33333333333333337, clampedContributors: 0, rangeMultiplier: 0.8539325842696628, rangeClamped: false, sources: [resolved, aggregate, fallback, diag_level_0, diag_level_1, resolved_x3-2, aggregate_x3-2, fallback_x3-2, diag_level_0_x3-2, diag_level_1_x3-2], rawClusterBpm: 97.92702189417149}

To run this test again: /home/danny/flutter/bin/cache/dart-sdk/bin/dart test /home/danny/github/bpm/test/integration/metronome_wav_test.dart -p vm --plain-name 'WAV fixtures metronome_98.wav (98.0 BPM) Wavelet energy matches fixture'
00:09 +15 -14: WAV fixtures metronome_98.wav (98.0 BPM) Robust consensus aligns with fixture                                                                                                           00:10 +15 -14: WAV fixtures metronome_98.wav (98.0 BPM) Robust consensus aligns with fixture                                                                                                           00:10 +16 -14: WAV fixtures metronome_98.wav (98.0 BPM) Robust consensus aligns with fixture                                                                                                           00:10 +16 -14: WAV fixtures poulenc_114.wav (114.0 BPM) SimpleOnset matches fixture                                                                                                                    00:10 +16 -15: WAV fixtures poulenc_114.wav (114.0 BPM) SimpleOnset matches fixture [E]                                                                                                                
  Expected: a value less than <6.84>
    Actual: <6.857142857142861>
     Which: is not a value less than <6.84>
  SimpleOnset BPM off by 6.857142857142861 (allowed ±6.84)
  
  package:matcher                                 expect
  test/integration/metronome_wav_test.dart 42:13  main.<fn>.<fn>.<fn>
  
SimpleOnset reading for poulenc_114.wav:
  Expected: 114.0
  BPM: 107.14285714285714
  Confidence: 0.9391452263844176
  Metadata: {intervalVariance: 0.0001333333333333321, peakCount: 9, effectiveInterval: 0.56, medianInterval: 0.56, representativeInterval: 0.56, maxInterval: 0.58, candidateScores: {107.14285714285714: 6.420673191997239, 120.0: 0.19210953413793105, 103.44827586206897: 0.12094505099999998, 115.38461538461539: 0.09222565075862071, 125.0: 0.07325003917241381, 111.1111111111111: 0.0535771665, 76.92307692307692: 0.0175015464, 136.36363636363637: 0.017158671124137933, 142.85714285714286: 0.016333423448275868, 85.71428571428571: 0.00960135062068966, 81.08108108108108: 0.005913550874482761, 83.33333333333334: 0.0055223424, 130.43478260869566: 0.004436317049999999}, clusterConsistency: 0.9393956651114534, clusterStrength: 0.9134223787306478, totalScore: 7.0292478354837895, baseBpm: 107.14285714285714, supporterCount: 30, rangeMultiplier: 1.0, rangeClamped: false, sources: [interval, double_interval, half_interval, refined_interval], suppressedBuckets: [81.08108108108108], medianAdjustment: false, rangeAdjustment: false}

To run this test again: /home/danny/flutter/bin/cache/dart-sdk/bin/dart test /home/danny/github/bpm/test/integration/metronome_wav_test.dart -p vm --plain-name 'WAV fixtures poulenc_114.wav (114.0 BPM) SimpleOnset matches fixture'
00:10 +16 -15: WAV fixtures poulenc_114.wav (114.0 BPM) Autocorrelation matches fixture                                                                                                                00:10 +16 -16: WAV fixtures poulenc_114.wav (114.0 BPM) Autocorrelation matches fixture [E]                                                                                                            
  Expected: a value less than <6.84>
    Actual: <7.068905639648435>
     Which: is not a value less than <6.84>
  Autocorrelation BPM off by 7.068905639648435 (allowed ±6.84)
  
  package:matcher                                 expect
  test/integration/metronome_wav_test.dart 42:13  main.<fn>.<fn>.<fn>
  
Autocorrelation reading for poulenc_114.wav:
  Expected: 114.0
  BPM: 121.06890563964843
  Confidence: 0.4980200829311393
  Metadata: {lag: 45, evaluations: 50, coarseStride: 1, sampleRate: 100, analysisSeconds: 5.12, rawBpm: 133.33333333333334, clusterConsistency: 0.7645660815303039, clusterWeight: 0.9707269632842521, clusterStd: 0.008242263894933289, clusterCount: 7, maxMultiplierDeviation: 0.6666666666666667, clampedContributors: 0, rangeMultiplier: 0.5934910307338512, rangeClamped: false, sources: [lag_three_halves+lag_four_thirds+lag_five_fourths+plp_anchor, lag_four_fifths+lag_three_fourths+lag_three_halves, best_lag], rawClusterBpm: 133.3332640348246, histogramTotalScore: 0.0033183754872950343, histogramSuppressed: [85.71428571428571, 88.23529411764706, 96.7741935483871], candidateScores: {100.0: 0.0007288995070117945, 136.36363636363637: 0.00045598666845170856, 120.0: 0.0004132259253980485, 125.0: 0.00041150873773045836, 130.43478260869566: 0.00024278806563089706, 78.94736842105263: 0.00015078395015857973, 93.75: 0.00012594978519645732, 142.85714285714286: 0.00011717081308489485, 150.0: 0.00009555935574787597, 90.9090909090909: 0.00009427053691754276, 103.44827586206897: 0.0000895550601643832, 83.33333333333334: 0.0000739606970104157, 81.08108108108108: 0.00006672518131697655, 107.14285714285714: 0.000055229235593626336, 85.71428571428571: 0.000042842176725577546, 111.1111111111111: 0.000039487264865455384, 88.23529411764706: 0.00003811962753256627, 115.38461538461539: 0.000037644392167070635, 96.7741935483871: 0.0000349069921794555, 75.0: 0.0000020018123636606354, 76.92307692307692: 0.000001759702047589167}, suppressedBuckets: [85.71428571428571, 88.23529411764706, 96.7741935483871], histogramInterval: 0.6, histogramScoreMap: {100.0: 0.0007288995070117945, 136.36363636363637: 0.00045598666845170856, 120.0: 0.0004132259253980485, 125.0: 0.00041150873773045836, 130.43478260869566: 0.00024278806563089706, 78.94736842105263: 0.00015078395015857973, 93.75: 0.00012594978519645732, 142.85714285714286: 0.00011717081308489485, 150.0: 0.00009555935574787597, 90.9090909090909: 0.00009427053691754276, 103.44827586206897: 0.0000895550601643832, 83.33333333333334: 0.0000739606970104157, 81.08108108108108: 0.00006672518131697655, 107.14285714285714: 0.000055229235593626336, 85.71428571428571: 0.000042842176725577546, 111.1111111111111: 0.000039487264865455384, 88.23529411764706: 0.00003811962753256627, 115.38461538461539: 0.000037644392167070635, 96.7741935483871: 0.0000349069921794555, 75.0: 0.0000020018123636606354, 76.92307692307692: 0.000001759702047589167}, histogramPreferenceMultiplier: 0.9080172642291806, histogramPreferenceApplied: true, histogramSecondaryApplied: true, plpAnchorBpm: 100.89075469970703, lagPeaks: [{lag: 45, score: 0.014265097574244361}, {lag: 44, score: 0.014104055817608104}, {lag: 46, score: 0.013946827818108437}, {lag: 43, score: 0.013559388807461423}, {lag: 47, score: 0.013136531416233712}, {lag: 42, score: 0.012781007900361891}]}

To run this test again: /home/danny/flutter/bin/cache/dart-sdk/bin/dart test /home/danny/github/bpm/test/integration/metronome_wav_test.dart -p vm --plain-name 'WAV fixtures poulenc_114.wav (114.0 BPM) Autocorrelation matches fixture'
00:10 +16 -16: WAV fixtures poulenc_114.wav (114.0 BPM) FFT spectrum matches fixture                                                                                                                   00:10 +16 -17: WAV fixtures poulenc_114.wav (114.0 BPM) FFT spectrum matches fixture [E]                                                                                                               
  Expected: a value less than <9.120000000000001>
    Actual: <11.0>
     Which: is not a value less than <9.120000000000001>
  FFT spectrum BPM off by 11.0 (allowed ±9.12)
  
  package:matcher                                 expect
  test/integration/metronome_wav_test.dart 42:13  main.<fn>.<fn>.<fn>
  
FFT spectrum reading for poulenc_114.wav:
  Expected: 114.0
  BPM: 125.0
  Confidence: 0.828138640238047
  Metadata: {fftSize: 4096, sampleRate: 400, peakMagnitude: 59.18080711784141, avgMagnitude: 35.73121953398407, rawBestBpm: 93.75, clusterConsistency: 0.5, harmonicOverrideApplied: true, harmonicOverrideScore: 0.18, clusterWeight: 3.7540000000000004, clusterStd: 0.0, clusterCount: 10, maxMultiplierDeviation: 3.0, clampedContributors: 0, rangeMultiplier: 1.1537027171017582, rangeClamped: false, sources: [peak, half, double, three-halves, two-thirds], rawClusterBpm: 93.74999999999999, fundamentalGuardApplied: false}

To run this test again: /home/danny/flutter/bin/cache/dart-sdk/bin/dart test /home/danny/github/bpm/test/integration/metronome_wav_test.dart -p vm --plain-name 'WAV fixtures poulenc_114.wav (114.0 BPM) FFT spectrum matches fixture'
00:10 +16 -17: WAV fixtures poulenc_114.wav (114.0 BPM) Dynamic beat tracker matches fixture                                                                                                           00:10 +17 -17: WAV fixtures poulenc_114.wav (114.0 BPM) Dynamic beat tracker matches fixture                                                                                                           00:10 +17 -17: WAV fixtures poulenc_114.wav (114.0 BPM) Wavelet energy matches fixture                                                                                                                 00:10 +18 -17: WAV fixtures poulenc_114.wav (114.0 BPM) Wavelet energy matches fixture                                                                                                                 00:10 +18 -17: WAV fixtures poulenc_114.wav (114.0 BPM) Robust consensus aligns with fixture                                                                                                           00:10 +18 -18: WAV fixtures poulenc_114.wav (114.0 BPM) Robust consensus aligns with fixture [E]                                                                                                       
  Expected: a value less than <2.5>
    Actual: <5.877165190173102>
     Which: is not a value less than <2.5>
  Consensus BPM off by 5.877165190173102
  
  package:matcher                                 expect
  test/integration/metronome_wav_test.dart 79:11  main.<fn>.<fn>.<fn>
  

To run this test again: /home/danny/flutter/bin/cache/dart-sdk/bin/dart test /home/danny/github/bpm/test/integration/metronome_wav_test.dart -p vm --plain-name 'WAV fixtures poulenc_114.wav (114.0 BPM) Robust consensus aligns with fixture'
00:10 +18 -18: WAV fixtures schumann_113.wav (113.0 BPM) SimpleOnset matches fixture                                                                                                                   00:10 +19 -18: WAV fixtures schumann_113.wav (113.0 BPM) SimpleOnset matches fixture                                                                                                                   00:10 +19 -18: WAV fixtures schumann_113.wav (113.0 BPM) Autocorrelation matches fixture                                                                                                               00:10 +19 -19: WAV fixtures schumann_113.wav (113.0 BPM) Autocorrelation matches fixture [E]                                                                                                           
  Expected: a value less than <6.779999999999999>
    Actual: <29.85714285714286>
     Which: is not a value less than <6.779999999999999>
  Autocorrelation BPM off by 29.85714285714286 (allowed ±6.78)
  
  package:matcher                                 expect
  test/integration/metronome_wav_test.dart 42:13  main.<fn>.<fn>.<fn>
  
Autocorrelation reading for schumann_113.wav:
  Expected: 113.0
  BPM: 142.85714285714286
  Confidence: 0.48324219848452205
  Metadata: {lag: 83, evaluations: 48, coarseStride: 1, sampleRate: 100, analysisSeconds: 4.73, rawBpm: 72.28915662650603, clusterConsistency: 0.8833333333333333, clusterWeight: 1.4294420852819816, clusterStd: 0.0, clusterCount: 3, maxMultiplierDeviation: 0.33333333333333337, clampedContributors: 0, rangeMultiplier: 0.846549914731733, rangeClamped: false, sources: [best_lag, hps_double], rawClusterBpm: 144.57831325301206, histogramTotalScore: 0.03774043092676828, histogramSuppressed: [], candidateScores: {85.71428571428571: 0.002913119884276715, 142.85714285714286: 0.0026767567628481603, 88.23529411764706: 0.002486873102491702, 73.17073170731707: 0.002128707048945748, 76.92307692307692: 0.001997408020331488, 78.94736842105263: 0.0019302086839556427, 90.9090909090909: 0.0018393668506317142, 107.14285714285714: 0.001773814111581215, 120.0: 0.001697494612460199, 130.43478260869566: 0.00167918758774537, 96.7741935483871: 0.0016596808186864784, 115.38461538461539: 0.0016512299545339323, 93.75: 0.001635147920510636, 75.0: 0.0016266285245231543, 81.08108108108108: 0.0015295967958699958, 111.1111111111111: 0.0014882357317809517, 83.33333333333334: 0.0014543350017046455, 103.44827586206897: 0.0013854284398427748, 125.0: 0.001305253843240624, 136.36363636363637: 0.0012368189665323288, 100.0: 0.0010999358685629334, 150.0: 0.0005452023957118749}, suppressedBuckets: [], histogramInterval: 0.7000000000000001, histogramScoreMap: {85.71428571428571: 0.002913119884276715, 142.85714285714286: 0.0026767567628481603, 88.23529411764706: 0.002486873102491702, 73.17073170731707: 0.002128707048945748, 76.92307692307692: 0.001997408020331488, 78.94736842105263: 0.0019302086839556427, 90.9090909090909: 0.0018393668506317142, 107.14285714285714: 0.001773814111581215, 120.0: 0.001697494612460199, 130.43478260869566: 0.00167918758774537, 96.7741935483871: 0.0016596808186864784, 115.38461538461539: 0.0016512299545339323, 93.75: 0.001635147920510636, 75.0: 0.0016266285245231543, 81.08108108108108: 0.0015295967958699958, 111.1111111111111: 0.0014882357317809517, 83.33333333333334: 0.0014543350017046455, 103.44827586206897: 0.0013854284398427748, 125.0: 0.001305253843240624, 136.36363636363637: 0.0012368189665323288, 100.0: 0.0010999358685629334, 150.0: 0.0005452023957118749}, histogramPreferenceMultiplier: 0.9880952380952382, histogramPreferenceApplied: true, histogramSecondaryApplied: true, plpAnchorBpm: 140.89915466308594, lagPeaks: [{lag: 83, score: 0.03544071285823095}, {lag: 82, score: 0.034371146832331154}, {lag: 81, score: 0.03258494793393842}, {lag: 49, score: 0.03141117783081283}, {lag: 48, score: 0.03113272387139587}, {lag: 50, score: 0.030939970953907728}]}

To run this test again: /home/danny/flutter/bin/cache/dart-sdk/bin/dart test /home/danny/github/bpm/test/integration/metronome_wav_test.dart -p vm --plain-name 'WAV fixtures schumann_113.wav (113.0 BPM) Autocorrelation matches fixture'
00:10 +19 -19: WAV fixtures schumann_113.wav (113.0 BPM) FFT spectrum matches fixture                                                                                                                  00:10 +20 -19: WAV fixtures schumann_113.wav (113.0 BPM) FFT spectrum matches fixture                                                                                                                  00:10 +20 -19: WAV fixtures schumann_113.wav (113.0 BPM) Dynamic beat tracker matches fixture                                                                                                          00:10 +20 -20: WAV fixtures schumann_113.wav (113.0 BPM) Dynamic beat tracker matches fixture [E]                                                                                                      
  Expected: a value less than <9.040000000000001>
    Actual: <24.195121951219505>
     Which: is not a value less than <9.040000000000001>
  Dynamic beat tracker BPM off by 24.195121951219505 (allowed ±9.04)
  
  package:matcher                                 expect
  test/integration/metronome_wav_test.dart 42:13  main.<fn>.<fn>.<fn>
  
Dynamic beat tracker reading for schumann_113.wav:
  Expected: 113.0
  BPM: 137.1951219512195
  Confidence: 0.36063709231267943
  Metadata: {featureRate: 100.0, meanPeriodFrames: 82.0, energyRatio: 0.02877504582136499, smoothness: 0.0, score: 1.3729990012943745, tempoEstimateBpm: 137.1951219512195, tempoBinCount: 45, lambda: 0.6, beatCount: 12, beatTimes: [0.21, 0.62, 1.03, 1.44, 1.85, 2.26, 2.67, 3.08, 3.49, 3.9, 4.31, 4.72], beatIntervalsFrames: [82, 82, 82, 82, 82, 82, 82, 82, 82, 82], rawBeatIntervalsFrames: [41, 41, 41, 41, 41, 41, 41, 41, 41, 41, 41], subdivisionFactor: 2.0, harmonicOverrideRatio: 1.5, harmonicOverrideApplied: true, baseTempoEstimateBpm: 73.17073170731707, plpAnchorBpm: 140.89915466308594}

To run this test again: /home/danny/flutter/bin/cache/dart-sdk/bin/dart test /home/danny/github/bpm/test/integration/metronome_wav_test.dart -p vm --plain-name 'WAV fixtures schumann_113.wav (113.0 BPM) Dynamic beat tracker matches fixture'
00:10 +20 -20: WAV fixtures schumann_113.wav (113.0 BPM) Wavelet energy matches fixture                                                                                                                00:10 +20 -21: WAV fixtures schumann_113.wav (113.0 BPM) Wavelet energy matches fixture [E]                                                                                                            
  Expected: a value less than <22.6>
    Actual: <40.0>
     Which: is not a value less than <22.6>
  Wavelet energy BPM off by 40.0 (allowed ±22.60)
  
  package:matcher                                 expect
  test/integration/metronome_wav_test.dart 42:13  main.<fn>.<fn>.<fn>
  
Wavelet energy reading for schumann_113.wav:
  Expected: 113.0
  BPM: 153.0
  Confidence: 0.40927999291260403
  Metadata: {lagSamples: 172, level: 1, refined: true, aggregationUsed: false, fallbackUsed: false, rawResolvedBpm: 139.8573317555474, clusterConsistency: 1.0, candidates: [{level: 1, scale: 4, lagSamples: 168, score: 0.0028209958135587284, weightedScore: 0.0014104979067793642}], finalScore: 0.0021186891044096584, plpAnchorBpm: 140.89915466308594, baseResolvedBpm: 139.8573317555474, harmonicOverrideApplied: true, harmonicOverrideRatio: 1.2, crossScaleAgreement: 1.0, crossScaleSupportCount: 1, crossScaleWinnerRatio: 1.0, crossScaleWinnerWeight: 0.0014104979067793642, crossScaleWinnerCount: 1, clusterWeight: 0.85, clusterStd: 0.0, clusterCount: 1, maxMultiplierDeviation: 0.0, clampedContributors: 0, rangeMultiplier: 1.0, rangeClamped: false, sources: [resolved], rawClusterBpm: 139.8573317555474}

To run this test again: /home/danny/flutter/bin/cache/dart-sdk/bin/dart test /home/danny/github/bpm/test/integration/metronome_wav_test.dart -p vm --plain-name 'WAV fixtures schumann_113.wav (113.0 BPM) Wavelet energy matches fixture'
00:10 +20 -21: WAV fixtures schumann_113.wav (113.0 BPM) Robust consensus aligns with fixture                                                                                                          00:10 +20 -22: WAV fixtures schumann_113.wav (113.0 BPM) Robust consensus aligns with fixture [E]                                                                                                      
  Expected: a value less than <2.5>
    Actual: <26.207172296824865>
     Which: is not a value less than <2.5>
  Consensus BPM off by 26.207172296824865
  
  package:matcher                                 expect
  test/integration/metronome_wav_test.dart 79:11  main.<fn>.<fn>.<fn>
  

To run this test again: /home/danny/flutter/bin/cache/dart-sdk/bin/dart test /home/danny/github/bpm/test/integration/metronome_wav_test.dart -p vm --plain-name 'WAV fixtures schumann_113.wav (113.0 BPM) Robust consensus aligns with fixture'
00:10 +20 -22: WAV fixtures metronome_105.wav (105.0 BPM) SimpleOnset matches fixture                                                                                                                  00:10 +21 -22: WAV fixtures metronome_105.wav (105.0 BPM) SimpleOnset matches fixture                                                                                                                  00:10 +21 -22: WAV fixtures metronome_105.wav (105.0 BPM) Autocorrelation matches fixture                                                                                                              00:10 +22 -22: WAV fixtures metronome_105.wav (105.0 BPM) Autocorrelation matches fixture                                                                                                              00:10 +22 -22: WAV fixtures metronome_105.wav (105.0 BPM) FFT spectrum matches fixture                                                                                                                 00:10 +22 -23: WAV fixtures metronome_105.wav (105.0 BPM) FFT spectrum matches fixture [E]                                                                                                             
  Expected: a value less than <8.4>
    Actual: <35.625>
     Which: is not a value less than <8.4>
  FFT spectrum BPM off by 35.625 (allowed ±8.40)
  
  package:matcher                                 expect
  test/integration/metronome_wav_test.dart 42:13  main.<fn>.<fn>.<fn>
  
FFT spectrum reading for metronome_105.wav:
  Expected: 105.0
  BPM: 140.625
  Confidence: 1.0
  Metadata: {fftSize: 4096, sampleRate: 400, peakMagnitude: 59.716984893396756, avgMagnitude: 19.984841579955823, rawBestBpm: 105.46875, clusterConsistency: 0.7666666666666666, harmonicOverrideApplied: true, harmonicOverrideScore: 0.18, clusterWeight: 3.7413333333333334, clusterStd: 0.0, clusterCount: 9, maxMultiplierDeviation: 0.6666666666666667, clampedContributors: 0, rangeMultiplier: 0.95871941078641, rangeClamped: false, sources: [peak, half, double, three-halves, two-thirds], rawClusterBpm: 105.46875, fundamentalGuardApplied: false}

To run this test again: /home/danny/flutter/bin/cache/dart-sdk/bin/dart test /home/danny/github/bpm/test/integration/metronome_wav_test.dart -p vm --plain-name 'WAV fixtures metronome_105.wav (105.0 BPM) FFT spectrum matches fixture'
00:10 +22 -23: WAV fixtures metronome_105.wav (105.0 BPM) Dynamic beat tracker matches fixture                                                                                                         00:10 +23 -23: WAV fixtures metronome_105.wav (105.0 BPM) Dynamic beat tracker matches fixture                                                                                                         00:10 +23 -23: WAV fixtures metronome_105.wav (105.0 BPM) Wavelet energy matches fixture                                                                                                               00:10 +23 -24: WAV fixtures metronome_105.wav (105.0 BPM) Wavelet energy matches fixture [E]                                                                                                           
  Expected: a value less than <21.0>
    Actual: <21.077517627215116>
     Which: is not a value less than <21.0>
  Wavelet energy BPM off by 21.077517627215116 (allowed ±21.00)
  
  package:matcher                                 expect
  test/integration/metronome_wav_test.dart 42:13  main.<fn>.<fn>.<fn>
  
Wavelet energy reading for metronome_105.wav:
  Expected: 105.0
  BPM: 126.07751762721512
  Confidence: 0.5153097936702502
  Metadata: {lagSamples: 230, level: 0, refined: true, aggregationUsed: false, fallbackUsed: false, aggregateLag: 228, aggregateScore: 0.04708602168657285, rawResolvedBpm: 104.58726953936794, clusterConsistency: 0.7801403234910451, candidates: [{level: 0, scale: 2, lagSamples: 228, score: 0.05285467637434081, weightedScore: 0.03737390008171679}, {level: 1, scale: 4, lagSamples: 228, score: 0.009344961112795567, weightedScore: 0.0046724805563977834}], finalScore: 0.11680466259656125, plpAnchorBpm: 106.0083999633789, baseResolvedBpm: 105.06459802267926, harmonicOverrideApplied: true, harmonicOverrideRatio: 1.2, crossScaleAgreement: 1.0, crossScaleSupportCount: 2, crossScaleWinnerRatio: 1.0, crossScaleWinnerWeight: 0.04204638063811457, crossScaleWinnerCount: 2, clusterWeight: 4.272000000000001, clusterStd: 0.39682480216063115, clusterCount: 10, maxMultiplierDeviation: 0.33333333333333337, clampedContributors: 0, rangeMultiplier: 0.8539325842696628, rangeClamped: false, sources: [resolved, aggregate, fallback, diag_level_0, diag_level_1, resolved_x3-2, aggregate_x3-2, fallback_x3-2, diag_level_0_x3-2, diag_level_1_x3-2], rawClusterBpm: 105.06459802267926}

To run this test again: /home/danny/flutter/bin/cache/dart-sdk/bin/dart test /home/danny/github/bpm/test/integration/metronome_wav_test.dart -p vm --plain-name 'WAV fixtures metronome_105.wav (105.0 BPM) Wavelet energy matches fixture'
00:10 +23 -24: WAV fixtures metronome_105.wav (105.0 BPM) Robust consensus aligns with fixture                                                                                                         00:10 +24 -24: WAV fixtures metronome_105.wav (105.0 BPM) Robust consensus aligns with fixture                                                                                                         00:10 +24 -24: WAV fixtures metronome_55.wav (55.0 BPM) SimpleOnset matches fixture                                                                                                                    00:10 +25 -24: WAV fixtures metronome_55.wav (55.0 BPM) SimpleOnset matches fixture                                                                                                                    00:10 +25 -24: WAV fixtures metronome_55.wav (55.0 BPM) Autocorrelation matches fixture                                                                                                                00:10 +25 -25: WAV fixtures metronome_55.wav (55.0 BPM) Autocorrelation matches fixture [E]                                                                                                            
  Expected: a value less than <3.3>
    Actual: <18.66946919759114>
     Which: is not a value less than <3.3>
  Autocorrelation BPM off by 18.66946919759114 (allowed ±3.30)
  
  package:matcher                                 expect
  test/integration/metronome_wav_test.dart 42:13  main.<fn>.<fn>.<fn>
  
Autocorrelation reading for metronome_55.wav:
  Expected: 55.0
  BPM: 73.66946919759114
  Confidence: 0.6222791211356137
  Metadata: {lag: 109, evaluations: 93, coarseStride: 1, sampleRate: 100, analysisSeconds: 10.0, rawBpm: 55.04587155963303, clusterConsistency: 0.8075614617495238, clusterWeight: 1.102227406471261, clusterStd: 0.06478220820256907, clusterCount: 14, maxMultiplierDeviation: 0.5, clampedContributors: 0, rangeMultiplier: 1.6728387465587309, rangeClamped: false, sources: [lag, lag_two_thirds, lag_three_fourths+lag_three_halves, lag+lag_double+half_lag+plp_anchor, lag_three_fourths+lag_three_halves+plp_anchor_ratio_1.33, lag+lag_double+half_lag, best_lag, best_lag_times_2over3], rawClusterBpm: 55.04871551446332, histogramTotalScore: 0.013527944106938567, histogramSuppressed: [41.09589041095891, 41.66666666666667, 40.54054054054054, 40.0], candidateScores: {55.55555555555555: 0.003487481939489918, 73.17073170731707: 0.001584139254137004, 54.54545454545454: 0.0015127118776720448, 69.76744186046511: 0.0013597958153894222, 66.66666666666667: 0.0012787012307118662, 53.57142857142857: 0.0010014592616604781, 68.18181818181819: 0.0004235330157335229, 56.60377358490566: 0.00037462353546925225, 44.11764705882353: 0.00036860642868835603, 71.42857142857143: 0.00031803554226491677, 43.47826086956521: 0.00031730403153554313, 83.33333333333334: 0.0002524822876133079, 81.08108108108108: 0.00020850418240710343, 42.25352112676057: 0.00019897326902670607, 75.0: 0.00016821538723646597, 44.776119402985074: 0.00011617062457020631, 41.09589041095891: 0.00011564219085410601, 42.857142857142854: 0.00010879721290093338, 45.45454545454545: 0.00009768128150509487, 41.66666666666667: 0.00005134262198018565, 85.71428571428571: 0.00005088970211745317, 40.54054054054054: 0.00004078721204010511, 78.94736842105263: 0.000037900305410909006, 76.92307692307692: 0.000029496488623959826, 40.0: 0.000024669407899709754}, suppressedBuckets: [41.09589041095891, 41.66666666666667, 40.54054054054054, 40.0], histogramInterval: 1.08, histogramScoreMap: {55.55555555555555: 0.003487481939489918, 73.17073170731707: 0.001584139254137004, 54.54545454545454: 0.0015127118776720448, 69.76744186046511: 0.0013597958153894222, 66.66666666666667: 0.0012787012307118662, 53.57142857142857: 0.0010014592616604781, 68.18181818181819: 0.0004235330157335229, 56.60377358490566: 0.00037462353546925225, 44.11764705882353: 0.00036860642868835603, 71.42857142857143: 0.00031803554226491677, 43.47826086956521: 0.00031730403153554313, 83.33333333333334: 0.0002524822876133079, 81.08108108108108: 0.00020850418240710343, 42.25352112676057: 0.00019897326902670607, 75.0: 0.00016821538723646597, 44.776119402985074: 0.00011617062457020631, 41.09589041095891: 0.00011564219085410601, 42.857142857142854: 0.00010879721290093338, 45.45454545454545: 0.00009768128150509487, 41.66666666666667: 0.00005134262198018565, 85.71428571428571: 0.00005088970211745317, 40.54054054054054: 0.00004078721204010511, 78.94736842105263: 0.000037900305410909006, 76.92307692307692: 0.000029496488623959826, 40.0: 0.000024669407899709754}, histogramPreferenceMultiplier: 1.3382595490031999, histogramPreferenceApplied: true, histogramSecondaryApplied: true, plpAnchorBpm: 55.25210189819336, lagPeaks: [{lag: 109, score: 0.0272705970585699}, {lag: 110, score: 0.026051143953170843}, {lag: 108, score: 0.02534610818157835}, {lag: 111, score: 0.022208661491949114}, {lag: 107, score: 0.021092480102916672}, {lag: 112, score: 0.01713719426795113}]}

To run this test again: /home/danny/flutter/bin/cache/dart-sdk/bin/dart test /home/danny/github/bpm/test/integration/metronome_wav_test.dart -p vm --plain-name 'WAV fixtures metronome_55.wav (55.0 BPM) Autocorrelation matches fixture'
00:10 +25 -25: WAV fixtures metronome_55.wav (55.0 BPM) FFT spectrum matches fixture                                                                                                                   00:10 +25 -26: WAV fixtures metronome_55.wav (55.0 BPM) FFT spectrum matches fixture [E]                                                                                                               
  Expected: a value less than <4.4>
    Actual: <23.125>
     Which: is not a value less than <4.4>
  FFT spectrum BPM off by 23.125 (allowed ±4.40)
  
  package:matcher                                 expect
  test/integration/metronome_wav_test.dart 42:13  main.<fn>.<fn>.<fn>
  
FFT spectrum reading for metronome_55.wav:
  Expected: 55.0
  BPM: 78.125
  Confidence: 0.895743145429627
  Metadata: {fftSize: 4096, sampleRate: 400, peakMagnitude: 16.515910879093692, avgMagnitude: 9.219108876727047, rawBestBpm: 58.59375, clusterConsistency: 0.4999998876084292, harmonicOverrideApplied: true, harmonicOverrideScore: 0.18, clusterWeight: 3.7143073061516927, clusterStd: 6.743495761743046e-7, clusterCount: 9, maxMultiplierDeviation: 2.0, clampedContributors: 0, rangeMultiplier: 1.0874062446416723, rangeClamped: false, sources: [peak, half, double, three-halves, two-thirds, peak_two_thirds], rawClusterBpm: 58.59374999999999, fundamentalGuardApplied: false}

To run this test again: /home/danny/flutter/bin/cache/dart-sdk/bin/dart test /home/danny/github/bpm/test/integration/metronome_wav_test.dart -p vm --plain-name 'WAV fixtures metronome_55.wav (55.0 BPM) FFT spectrum matches fixture'
00:10 +25 -26: WAV fixtures metronome_55.wav (55.0 BPM) Dynamic beat tracker matches fixture                                                                                                           00:10 +26 -26: WAV fixtures metronome_55.wav (55.0 BPM) Dynamic beat tracker matches fixture                                                                                                           00:10 +26 -26: WAV fixtures metronome_55.wav (55.0 BPM) Wavelet energy matches fixture                                                                                                                 00:10 +27 -26: WAV fixtures metronome_55.wav (55.0 BPM) Wavelet energy matches fixture                                                                                                                 00:10 +27 -26: WAV fixtures metronome_55.wav (55.0 BPM) Robust consensus aligns with fixture                                                                                                           00:10 +28 -26: WAV fixtures metronome_55.wav (55.0 BPM) Robust consensus aligns with fixture                                                                                                           00:10 +28 -26: Some tests failed.                                                                                                                                                                      
